  - Detect device: cuda
  - Load Dataset
  - Ready Dataset
  - Start Train
    - Training `1` th epoch
      - Training   Loss: `2.580838677`
      - Validation Loss: `1.339503002`
      - Model saved as `./trained/2025-10-07_19:53:55_epoch01_on_self.pth`
    - Training `2` th epoch
      - Training   Loss: `1.371219634`
      - Validation Loss: `0.944913269`
      - Model saved as `./trained/2025-10-07_20:13:10_epoch02_on_self.pth`
    - Training `3` th epoch
      - Training   Loss: `1.126234561`
      - Validation Loss: `0.821737990`
      - Model saved as `./trained/2025-10-07_20:32:29_epoch03_on_self.pth`
    - Training `4` th epoch
      - Training   Loss: `1.008317042`
      - Validation Loss: `0.744531665`
      - Model saved as `./trained/2025-10-07_20:51:47_epoch04_on_self.pth`
    - Training `5` th epoch
      - Training   Loss: `0.935837140`
      - Validation Loss: `0.681027948`
      - Model saved as `./trained/2025-10-07_21:11:02_epoch05_on_self.pth`
    - Training `6` th epoch
      - Training   Loss: `0.885660029`
      - Validation Loss: `0.673416599`
      - Model saved as `./trained/2025-10-07_21:30:18_epoch06_on_self.pth`
    - Training `7` th epoch
      - Training   Loss: `0.845662130`
      - Validation Loss: `0.628858742`
      - Model saved as `./trained/2025-10-07_21:49:33_epoch07_on_self.pth`
    - Training `8` th epoch
      - Training   Loss: `0.817943643`
      - Validation Loss: `0.608550529`
      - Model saved as `./trained/2025-10-07_22:08:51_epoch08_on_self.pth`
    - Training `9` th epoch
      - Training   Loss: `0.789175708`
      - Validation Loss: `0.596094188`
      - Model saved as `./trained/2025-10-07_22:28:00_epoch09_on_self.pth`
    - Training `10` th epoch
      - Training   Loss: `0.767459969`
      - Validation Loss: `0.581996912`
      - Model saved as `./trained/2025-10-07_22:47:15_epoch10_on_self.pth`
    - Training `11` th epoch
      - Training   Loss: `0.748454925`
      - Validation Loss: `0.565334131`
      - Model saved as `./trained/2025-10-07_23:06:32_epoch11_on_self.pth`
    - Training `12` th epoch
      - Training   Loss: `0.730134537`
      - Validation Loss: `0.558472738`
      - Model saved as `./trained/2025-10-07_23:25:46_epoch12_on_self.pth`
    - Training `13` th epoch
      - Training   Loss: `0.711405268`
      - Validation Loss: `0.553478469`
      - Model saved as `./trained/2025-10-07_23:45:04_epoch13_on_self.pth`
    - Training `14` th epoch
      - Training   Loss: `0.696198788`
      - Validation Loss: `0.536779605`
      - Model saved as `./trained/2025-10-08_00:04:19_epoch14_on_self.pth`
    - Training `15` th epoch
      - Training   Loss: `0.680856299`
      - Validation Loss: `0.524334119`
      - Model saved as `./trained/2025-10-08_00:23:32_epoch15_on_self.pth`
    - Training `16` th epoch
      - Training   Loss: `0.668554821`
      - Validation Loss: `0.518565399`
      - Model saved as `./trained/2025-10-08_00:42:49_epoch16_on_self.pth`
    - Training `17` th epoch
      - Training   Loss: `0.657146956`
      - Validation Loss: `0.503730302`
      - Model saved as `./trained/2025-10-08_01:02:03_epoch17_on_self.pth`
    - Training `18` th epoch
      - Training   Loss: `0.646019518`
      - Validation Loss: `0.521098932`
      - Model saved as `./trained/2025-10-08_01:21:17_epoch18_on_self.pth`
    - Training `19` th epoch
      - Training   Loss: `0.637091387`
      - Validation Loss: `0.499786564`
      - Model saved as `./trained/2025-10-08_01:40:31_epoch19_on_self.pth`
    - Training `20` th epoch
      - Training   Loss: `0.627753288`
      - Validation Loss: `0.494797342`
      - Model saved as `./trained/2025-10-08_01:59:39_epoch20_on_self.pth`
