# uv run src\evalu.py --seed 42 --model .\checkpoints\CaptchaModel_v2.2_epoch10.pth --data .\dist.smol\ --num 10 -v -vv


{'n_class': 36, 'len_captcha': 4, 'blocks': [32, 64, 128, 512]}

  < RAW TENSOR >
tensor([[[ 8.8470,  7.9419,  8.6436, 10.8381,  5.9229, -2.8746,  7.4159,
          12.8985,  9.5804,  1.8872,  9.4312,  6.9160,  8.9276, 17.2422,
           9.0052, 11.1393, -5.7933, 11.0228,  6.8845,  2.1345, 12.0463,
           8.9175,  6.4546, 11.0551,  7.4952,  5.6674, -2.6522,  3.6971,
           4.6390,  0.0266,  3.6711,  4.0170,  0.2985,  5.3435,  4.7827,
           1.1649],
         [ 7.0643,  9.5471,  1.1542,  6.4425,  5.2140,  7.0340,  9.2421,
           9.0228,  6.5840,  6.6610,  7.5679,  4.5985, 10.2387,  3.4413,
           4.9556, 12.2863,  7.5337,  5.4044,  4.8949,  6.0574,  8.0602,
          10.8369, 18.9433,  8.7365, 10.2323,  8.3046,  6.2409,  1.5871,
           9.9623,  2.9937,  7.0698, -0.6307,  2.7903,  9.1824,  3.0537,
           8.7276],
         [ 8.8008,  5.0448,  2.0736,  4.1230,  9.6689,  5.7390,  7.4377,
           4.1547,  5.9659, -2.1951,  7.9455,  8.3484, 21.2166, 12.3809,
           8.1172,  9.2046,  2.6432,  7.5033,  6.3534,  2.2860,  9.2714,
          11.4903,  8.4244,  6.3105,  5.2337,  6.0225,  5.1256,  5.5950,
           5.6660,  9.0922,  7.5976,  9.7772,  2.5093,  1.7593, 15.0189,
           2.9235],
         [ 6.5386,  6.2015,  5.3793,  5.1102,  8.9712,  6.8744,  8.0496,
           2.9438,  7.0120,  8.3618,  8.0232,  7.5309,  8.5472,  6.6944,
           5.8077,  6.4934,  1.9895,  8.0907, 11.4626,  6.5556,  4.3636,
           8.9492,  9.0401,  9.4286,  6.5464,  3.4843,  7.2248,  8.2701,
           6.2976,  9.7656,  6.2359, 17.0551, 10.8298,  6.0362,  8.7451,
           9.4834]]])

  `NWM5.0.png` -> `NWM5`

  < RAW TENSOR >
tensor([[[ 3.9466,  1.6690,  6.6281,  4.1623,  6.0761,  0.2790,  4.8061,
           1.0519,  5.3242,  8.1332,  6.6298,  6.4146,  5.9032,  2.6047,
           4.1147,  8.4464, -0.0429,  4.4554,  0.3955, -5.6544,  3.5481,
           6.0897,  3.1273,  5.3222,  4.1886,  2.4690, 16.8919,  1.5475,
           6.5173,  6.1672,  4.3039,  5.6080,  6.7905,  3.6804,  8.6008,
           9.4201],
         [ 5.9956,  6.1636,  4.5618,  7.0505,  9.3881, 14.7345,  4.0026,
           5.8771,  8.5559,  3.7714,  7.3229,  5.7458,  5.3284,  3.3555,
           4.8095,  8.8465,  3.9716,  8.0671,  3.9380,  5.1843,  1.3506,
           5.0613,  4.4654,  6.1637,  3.8734,  5.5393,  5.4515,  0.2906,
           6.7433,  4.1158,  5.3830,  7.6202,  6.0489,  6.0461,  5.9415,
           3.0321],
         [ 7.2650,  5.2128,  6.3719,  2.6349,  8.3609,  5.5417,  4.7419,
           1.9112, -1.0684,  6.0050,  5.9406,  3.3010,  6.5654,  5.0649,
           3.2646,  4.6584,  2.7327,  3.0331,  7.8623, 18.3173,  2.4774,
           8.8265,  9.3853,  7.7883, 11.7441, 11.5176, -2.5034, 12.8289,
           7.8521, 11.1765,  9.1105,  6.3890, -6.9669, 10.5153, -0.6931,
           4.8963],
         [ 6.1493, 10.0791,  6.2681,  7.4118,  6.7632,  8.3022,  4.2008,
          10.4594,  7.9237,  2.0952,  7.3285,  3.1867,  8.0273,  7.8057,
           2.7502, 11.1256,  2.1923, 12.8816,  6.4638,  3.9135,  4.5364,
           6.0189,  6.8668,  6.9680,  2.5762,  3.5559,  5.8406,  3.2243,
           4.3470,  3.3476,  2.8188,  4.6895,  7.4444,  4.2697, -0.8557,
           2.6011]]])

  `0FTR.0.png` -> `0FTR`

  < RAW TENSOR >
tensor([[[ 4.1153,  2.1817,  3.7771,  4.0035,  3.7137, -0.3204,  2.8813,
           0.6037,  3.0098,  8.8415,  4.7005,  2.8553,  5.7755,  3.7361,
           2.0745,  5.4145, -2.8632,  6.4700,  2.0265, -5.9038,  2.0403,
           6.6224,  4.3184,  5.4875,  3.3317,  1.2656,  9.0369,  4.5882,
           6.7904, 13.2151,  4.2959, 10.0596,  4.6551,  4.8404,  7.6164,
          17.8546],
         [ 7.4713,  0.9249,  3.8426,  3.6549,  4.4147,  5.4271,  4.0774,
           0.5366,  3.6968, 10.4747,  4.5229,  4.7390,  5.8705,  7.7810,
           4.1219,  3.3723,  5.5066,  4.8306,  4.0380,  5.1535,  1.0759,
           5.6188,  4.7037,  6.8623,  6.8241,  4.2506,  7.5553,  7.7787,
           6.1566,  9.9944, 14.5547,  7.6204,  5.7926,  3.3493,  6.9781,
           5.8220],
         [ 8.4793,  4.9611,  2.7687,  3.2102,  5.7832,  8.9225,  3.6396,
           3.5355,  2.2050,  6.1064,  7.2126,  7.2591,  3.4877,  3.6619,
           5.5128,  6.0565, -1.3097,  2.8547,  7.7810, 12.9852,  1.4960,
           4.7075,  7.6766,  9.3278,  7.7658, 13.6250, -2.8168,  7.8926,
          12.2997, 11.5097,  5.2812,  1.0956, -6.1585, 15.7483,  2.7632,
           4.6651],
         [ 2.2247,  7.8849, 12.2035, 10.0986,  7.8161,  6.7916, 10.3967,
           5.6843,  8.3235,  0.7307,  3.7440,  7.1852,  8.6698,  4.5178,
          15.6473,  5.9753,  9.1204,  5.7837,  3.8412,  5.0327,  5.4800,
           2.4570,  5.9594,  2.8518,  1.9779,  4.4099,  8.5981,  4.2317,
           3.4050, -2.0656,  3.9389,  2.7799,  9.4712,  3.2798, -0.7007,
          -1.4613]]])

  `947O.0.png` -> `947O`

  < RAW TENSOR >
tensor([[[ 6.5507,  3.6067,  9.6169,  7.2857,  5.1439,  1.3923,  3.2622,
           1.8895,  7.8208,  4.2584,  6.2611,  8.0353,  6.8522,  6.3228,
          10.5030,  9.3383, -7.4743,  7.4232,  4.0623, -2.6992,  3.9816,
           7.0497,  5.0868,  6.1744,  1.6686,  4.0206,  8.2896,  2.6712,
           4.7186,  6.0325,  6.9253,  8.8336, 17.8469,  4.9900, 10.6620,
           6.2607],
         [ 6.5201, 11.0223,  2.0802,  5.2659,  6.0205,  5.2409,  5.0753,
           9.1432,  6.8952,  7.2796,  6.9306,  6.1912,  7.9852,  4.3288,
           3.9666, 10.5850,  7.6448,  6.2466,  4.0856,  9.1791,  8.8067,
          11.5494, 17.9417,  7.4348,  9.3041,  6.5948,  5.1789,  1.3723,
           8.6591,  2.0840,  6.6912,  1.8127,  1.3853,  7.6903,  2.6542,
           6.1096],
         [ 6.3285,  4.3195,  7.3056,  4.9099,  9.1017,  7.4232,  7.7707,
           0.1604,  2.3902,  6.9148,  7.1961,  8.1997,  8.2185,  7.0161,
          -2.3556,  5.7001,  1.9317,  7.1611, 10.0046,  4.5646,  5.7553,
          10.5968,  7.0145,  7.3125,  5.4415,  6.2507,  1.2195,  5.7233,
           6.1327, 11.5075,  6.6474, 18.7263, 10.3131,  6.5288, 10.4816,
           7.3870],
         [ 4.5342, 10.5786, 14.7526,  9.4695,  9.1927,  8.9357, 12.4043,
           6.5424,  9.6455,  3.0554,  6.4196,  7.7535,  6.8805,  6.0272,
          10.3199,  7.1413,  1.2039,  6.8947,  8.9278,  7.0077,  8.2196,
           6.7641,  9.9166,  6.2944,  4.2255,  6.5461,  7.8353,  5.5002,
           6.2826, -0.6853,  5.3314,  5.2381,  5.8966,  4.7275,  3.0496,
           0.3919]]])

  `6W5C.0.png` -> `6W5C`

  < RAW TENSOR >
tensor([[[ 4.8692,  6.5235,  9.4330,  6.9154,  7.1634,  3.9860, 11.6484,
           5.4534,  4.5561,  0.3051,  4.5067,  7.0781,  6.9486,  6.1122,
          13.8281,  5.4072, 10.4491,  7.4408,  4.3420, -3.5021,  5.8084,
           2.4557,  5.6794,  1.5102,  1.8561,  4.1782,  2.8472,  1.6667,
           2.9182, -7.1259,  2.5944,  0.2778, 10.0238,  4.4431,  1.9953,
          -1.3811],
         [ 6.3692,  5.4085,  2.6311,  5.4520,  5.5690,  7.3906,  0.1397,
           2.2052,  2.7172,  6.1159,  6.3656,  4.9465,  5.8470,  1.7035,
           5.0855,  6.3261,  2.9359,  1.4623,  6.4359,  5.4900,  2.2225,
           4.8784,  6.1620,  8.2564,  6.7808, 10.0151,  5.4628,  1.8395,
          15.9234, 11.0485,  6.2827,  3.4380,  0.9760,  7.0821,  8.1584,
           8.6731],
         [ 5.1832,  6.6614,  5.9041,  3.9775, 11.2891, 14.9633,  4.8736,
           4.7044,  6.2824,  1.5113, 10.0141,  3.8249,  4.3604,  3.0043,
           4.9095, 10.3682, -1.2596,  9.2399,  6.1493,  4.8986,  4.1572,
           5.0276,  7.4877,  6.4693,  5.2614,  6.2034,  2.8961,  3.3714,
           6.8041,  0.3665, -0.9641,  4.6839,  4.9593,  5.4231,  2.8416,
           4.7916],
         [ 5.4962,  4.3437,  2.8999,  3.1755,  4.1819,  3.0251,  4.9152,
           2.7278,  5.0724, 13.3192,  4.4548,  3.6067,  6.3423,  4.7275,
           1.1789,  6.4254, -0.1154,  4.5683,  5.1485,  4.9466,  0.4276,
           5.0213,  6.2755,  6.6417,  6.8485,  7.7732,  7.8352,  6.9558,
           8.0145, 13.8939,  8.1016,  9.3420,  3.8272,  6.0040,  9.6000,
           9.0403]]])

  `Q2FJ.0.png` -> `O2F3`

  < RAW TENSOR >
tensor([[[ 4.6089,  8.7187, 10.2205, 11.7732,  5.4893,  4.5351, 12.9869,
           9.3158,  7.4720, -0.9713,  2.7383,  5.6432,  7.6706,  6.3959,
          19.3549,  4.7681,  4.9228,  7.6964,  3.0059, -0.1640,  8.5318,
           4.1912,  5.7694,  2.9560,  3.6484,  5.7053,  3.0010,  5.8087,
           4.8577, -3.4099,  1.9554,  1.8336,  7.7218,  6.5517,  1.6277,
          -1.7031],
         [ 7.9421,  2.7426,  2.9636,  3.3215,  3.7926,  9.2298,  5.8443,
           2.9854,  1.6043,  5.2379,  4.0267,  1.7032,  8.0657,  9.0582,
           5.4339,  3.7024,  7.2461,  2.9840,  7.5669, 18.3222,  2.9511,
          10.7230,  7.7436, 11.2743, 11.3476, 10.2930,  1.8039,  8.1807,
           8.6841, 12.2224,  8.6566,  8.3181,  2.8002, 10.3192,  2.4583,
           6.2069],
         [ 9.5686, 10.3392,  6.4340,  8.9320,  7.3535,  6.3550,  3.5559,
          12.2691,  8.3411, -1.2915, 12.3921,  7.1158,  8.2425, 16.1514,
          12.2897,  6.2641, -0.8270, 12.7703,  9.0057,  2.9152, 10.2686,
           5.3769,  7.7883,  8.1412,  8.6338,  4.9920,  1.5498,  5.3864,
           3.1034,  3.5859,  1.3317,  3.1865,  1.8828,  1.6359,  6.1674,
           1.7199],
         [ 5.2017,  4.7351,  3.0418,  4.7480,  5.4337,  4.9682,  4.9000,
           6.7784,  9.2811,  3.4692,  5.1178,  8.8781, 17.4192, 10.5887,
           7.7884,  7.4948,  9.4088,  7.6050,  3.9344,  5.5740,  3.8102,
           6.0215,  9.2077,  7.9496,  6.3433,  5.4603,  6.6496,  6.0955,
           4.1694,  7.1645,  3.1151,  6.8926,  7.4090,  4.9305,  8.4185,
           3.5750]]])

  `OTNM.0.png` -> `OTNM`

  < RAW TENSOR >
tensor([[[ 7.1235, 11.0803, 10.5766, 13.5799,  6.7508, -1.9703,  8.8704,
          15.4156, 10.6684, -0.7062,  6.7416, 13.5208,  8.1343, 10.6480,
           9.4968, 11.0072,  3.7080, 10.5633,  7.8768, -4.1132, 16.9985,
           8.9755,  7.0356,  5.1134,  4.5321,  4.4537,  3.6582,  0.2617,
           5.0388, -0.6991, -0.1966, -0.5861,  6.4694,  5.6160,  6.5103,
          -1.1220],
         [ 7.7214, 13.0175,  8.9680, 13.9376,  8.2020,  5.0139,  6.4504,
          13.4133,  5.7900,  1.4860,  8.8947, 11.7599,  8.4944, 12.4665,
           7.7451,  7.6514,  7.5943,  8.6265,  9.8492,  6.3187, 15.7147,
           9.7885,  7.1570,  5.1037,  7.3964,  4.9779,  5.5183, -2.0009,
           6.2652,  3.9978,  3.7352,  2.4685,  8.8189,  3.5000,  2.7890,
           3.1522],
         [ 7.5232,  5.1395,  7.0593,  4.8320,  9.6802,  8.8696,  6.3750,
           1.3862,  2.0729,  5.2263, 10.3148, 11.0106,  8.0043,  6.6800,
           3.5335,  5.8232, -3.4139,  6.9724,  7.3174,  4.6727,  5.5322,
           8.9843,  7.1236,  6.0688,  7.9226,  6.9784, 12.6745,  6.1446,
           6.9121, 12.3646,  6.0294,  8.8993, 18.8301,  5.1179,  9.8967,
           9.5155],
         [ 6.0959,  8.9437, 11.5745,  8.2971,  8.8408,  5.8610, 17.5873,
          10.2215, 10.6971,  4.1410,  6.7951,  8.7648,  8.4368,  7.8575,
          13.0178,  7.4655,  6.4052,  6.5506,  5.8595,  7.8639, 10.1783,
           6.9194,  9.5804,  4.0762,  4.3071,  6.0592, 10.7968,  5.8800,
           5.5078, -1.1893,  6.1748,  4.7828,  8.0024,  4.4041,  2.4839,
           2.4548]]])

  `UU6G.0.png` -> `UU6G`

  < RAW TENSOR >
tensor([[[ 5.4075,  5.2673,  5.0140,  5.6704,  5.2790,  2.9714,  2.4531,
           1.7197,  3.6208,  5.8510,  4.3691,  6.8235,  4.0447,  2.1529,
           9.1644,  7.2451, -4.1565,  6.0209,  5.7222,  3.9972,  2.3659,
           5.1446,  5.7046,  8.3593,  8.3970,  7.4327,  1.5684,  5.1432,
          12.8674,  7.9296,  2.4588,  2.5645, -1.6460,  9.3795,  6.7817,
           9.2154],
         [ 6.4327,  5.6781,  1.6042,  0.9347,  5.3852,  3.5447, -0.8277,
           5.4373,  1.8646,  9.7784,  7.1566,  4.1683,  6.6266,  5.8793,
           3.1804,  5.0257,  2.2152,  2.3015,  6.1530, 12.4058,  3.4324,
          10.8397,  8.5369, 10.1673, 16.6414,  8.0747,  3.5002,  3.0274,
           8.4126,  8.3231,  6.0416,  4.8281, -1.0586,  4.5605,  4.2132,
           5.3152],
         [ 6.0560,  2.8672,  3.2730,  1.9804,  5.5097,  5.9683,  3.2923,
           1.3081,  2.1010,  5.4221,  8.4741,  5.6372,  5.0867,  4.1248,
           5.9229,  3.0972, -7.2297,  3.6792,  5.0317,  2.8746,  2.5130,
           6.2464,  4.5115,  5.0851,  6.9077,  6.2319,  3.6014,  4.7591,
           7.0322,  8.6079, 10.3648,  6.8679,  8.4983,  5.2431, 14.4419,
           8.8388],
         [ 4.0879,  4.2533, 10.7740,  9.7067,  5.8970,  5.9596, 10.6257,
           5.4849,  7.1896,  0.2556,  6.2756,  7.2340,  8.5919,  5.2527,
          11.0615,  4.7880, 11.1480,  6.0758,  4.5807,  4.8273,  4.8367,
           3.4870,  7.1061,  3.4441,  1.9999,  6.3846,  7.7366,  2.3160,
           3.3987, -0.4158,  4.1330,  4.2036,  5.5727,  2.9120,  2.5244,
           0.6264]]])

  `2Y8Q.0.png` -> `2Y8Q`

  < RAW TENSOR >
tensor([[[ 5.6440,  5.0619,  7.1158,  6.1191,  9.3754, 11.5495,  6.6095,
           5.1844,  7.6441,  2.3626,  7.9000,  7.7428,  5.4364,  3.4404,
           4.2945, 10.0567, -2.6038,  8.1194,  2.7617, -2.2257,  0.8329,
           3.4664,  5.2929,  4.2291,  2.2948,  5.6543,  0.0349,  2.4108,
           5.2753, -4.3008,  1.2417,  6.2688,  5.1639,  6.5836,  6.4648,
           1.0286],
         [ 5.6038,  2.9327,  1.0689,  5.1745,  4.1114,  3.9472, -0.2738,
           1.9366,  3.5586, 10.0380,  6.5500,  3.2851,  5.7596,  4.5716,
           3.5015,  3.5220,  4.5236,  3.1459,  6.6416,  5.1641,  1.6841,
           5.5208,  4.5592,  7.9628,  5.4394,  6.9421,  6.2273,  3.7749,
          10.3152, 17.5826,  7.7978,  8.7149,  5.8783,  4.5637, 10.3423,
           6.7847],
         [ 6.3862,  8.4728,  8.5291,  6.0881, 17.1642,  9.9348,  5.4277,
           5.1479,  1.6906, -1.9279,  9.0303,  9.5386,  5.0044,  5.2393,
           2.8661,  9.3150,  4.5888,  6.5925,  7.2401,  4.9311,  5.1739,
           6.4808,  5.5611,  4.6530,  4.4752,  9.5361,  1.3634,  2.1782,
           5.0946,  0.0972, -2.0809,  3.3634,  1.6846,  3.0646,  4.9796,
           3.5470],
         [ 6.2359,  3.3744,  4.2681,  2.9798,  7.3653,  4.9907,  4.2446,
           4.9005,  6.4140,  7.3949,  9.5110,  3.6364,  5.1462,  8.0269,
           0.4703,  6.7157, -0.2328,  4.2296,  6.9736,  7.5449,  2.4121,
           6.6673,  6.0345, 15.3581,  9.1458, 10.7109,  1.5476,  4.9026,
           7.2539,  9.9539,  6.5707,  6.3764, -1.3157,  7.8486,  3.3927,
           5.8386]]])

  `F3EX.0.png` -> `F3EX`

  < RAW TENSOR >
tensor([[[ 3.7352,  2.1109,  4.3931,  2.4412,  4.6173,  2.3628,  4.7219,
          -0.4707,  3.9270,  6.4544,  7.0527,  6.8199,  4.8991,  1.9848,
           3.6484,  8.1622, -0.5540,  4.6481,  0.4726, -7.6178,  2.5616,
           5.6150,  3.7457,  2.3876,  3.1681,  1.4344, 20.2663,  1.3869,
           5.0256,  4.0762,  4.4369,  5.4041,  8.2634,  2.3799, 11.0746,
           6.7004],
         [ 4.6755,  4.1207,  5.1588,  7.8935,  6.9017,  8.9389,  2.4713,
           7.1810, 14.2633,  3.8928,  8.2198,  9.2562,  5.6063,  5.5450,
           4.5535,  9.3049,  3.9116,  6.4901,  3.3093,  4.2617,  5.6865,
           5.6135,  5.5249,  4.5761,  3.6688,  4.1982,  7.0300, -1.0167,
           7.0354,  1.3435,  4.3185,  4.0223,  7.1350,  4.8068,  5.6676,
           2.8043],
         [ 5.4399,  3.5683,  5.8189,  4.7888,  7.3331,  5.5915,  3.3848,
           0.8413,  3.0405,  5.3699,  6.5642,  7.5730,  5.0080,  3.5900,
          -2.9305,  2.9227,  2.6074,  5.3886,  5.0542,  2.7506,  4.9751,
           8.6698,  4.8663,  4.8164,  7.8564,  6.0451,  5.8644,  4.0415,
           5.4700, 10.8513,  8.2797,  6.3890,  4.6995,  4.2571, 12.1666,
           6.5249],
         [ 4.5650,  6.4817,  4.9421,  2.4412,  6.0186,  2.8339,  4.2989,
           5.1815,  5.3499,  6.9509,  5.7388,  5.0979,  5.2437,  4.8660,
           3.8342,  8.6509,  0.5617,  1.6845,  5.5581, 10.3869,  4.8611,
           8.5151,  9.1266,  9.5911, 13.9432,  6.7610,  3.7505,  9.3556,
          10.0662,  7.2406,  4.9869,  4.0703, -4.8970,  5.8755,  3.3397,
           7.6135]]])

  `0I8Y.0.png` -> `0I8Y`
